[hextris.io/index.html]
[backblue.gif]
[fade.gif]
[index.html]
[hextris.io/manifest.webmanifest]
[hextris.io/images/icons/apple-touch-120.png]
[hextris.io/images/icons/apple-touch-152.png]
[hextris.io/images/icons/apple-touch-167.png]
[hextris.io/images/icons/apple-touch-180.png]
[hextris.io/images/icons/apple-touch-512.png]
[hextris.io/favicon.ico]
[hextris.io/style/fa/css/font-awesome.min.css]
[hextris.io/style/style.css]
[hextris.io/vendor/hammer.min.js]
[hextris.io/vendor/js.cookie.js]
[hextris.io/vendor/jsonfn.min.js]
[hextris.io/vendor/keypress.min.js]
[hextris.io/vendor/jquery.js]
[hextris.io/js/save-state.js]
[hextris.io/js/view.js]
[hextris.io/js/wavegen.js]
[hextris.io/js/math.js]
[hextris.io/js/Block.js]
[hextris.io/js/Hex.js]
[hextris.io/js/Text.js]
[hextris.io/js/comboTimer.js]
[hextris.io/js/checking.js]
[hextris.io/js/update.js]
[hextris.io/js/render.js]
[hextris.io/js/input.js]
[hextris.io/js/main.js]
[hextris.io/js/initialization.js]
[hextris.io/vendor/sweet-alert.min.js]
[hextris.io/style/rrssb.css]
[pagead2.googlesyndication.com/pagead/js/f.txt]
[hextris.io/images/btn_help.svg]
[hextris.io/images/btn_pause.svg]
[hextris.io/images/btn_restart.svg]
[hextris.io/images/android.png]
[hextris.io/images/appstore.svg]
[hextris.io/index.html]
[hextris.io/vendor/rrssb.min.js]
[hextris.io/style/fa/fonts/fontawesome-webfont.eot]
[hextris.io/style/fa/fonts/fontawesome-webfontd41d.eot]
[hextris.io/style/fa/fonts/fontawesome-webfont.woff]
[hextris.io/style/fa/fonts/fontawesome-webfont.ttf]
[hextris.io/style/fa/fonts/fontawesome-webfont.svg]
[hextris.io/style/fa/css/font-awesome.min.css]
[hextris.io/style/fonts/Exo2-ExtraLight.otf]
[hextris.io/style/fonts/Exo2-Regular.otf]
[hextris.io/style/style.css]
[hextris.io/style/rrssb.css]
[hextris.io/images/btn_help.svg]
[hextris.io/images/btn_pause.svg]
[hextris.io/images/btn_restart.svg]
[hextris.io/images/appstore.svg]
[hextris.io/style/fonts/Exo2-SemiBold.otf]
[hextris.io/style/fa/fonts/fontawesome-webfont.svg]
[hextris.github.io/hextris/images/facebook-opengraph.png]
[hextris.github.io/hextris/images/twitter-opengraph.png]
[www.google-analytics.com/analytics.js]
